<?xml version="1.0" encoding="ISO-8859-1" ?>
<link_info>
   <banner>TI ARM Clang Linker PC v2.1.3.LTS</banner>
   <copyright>Copyright (c) 1996-2018 Texas Instruments Incorporated</copyright>
   <link_time>0x64e2df7f</link_time>
   <link_errors>0x0</link_errors>
   <output_file>gpiointerrupt_CC3220S_LAUNCHXL_nortos_ticlang.out</output_file>
   <entry_point>
      <name>resetISR</name>
      <address>0x2000e5b5</address>
   </entry_point>
   <input_file_list>
      <input_file id="fl-1">
         <path>.\</path>
         <kind>object</kind>
         <file>gpiointerrupt.o</file>
         <name>gpiointerrupt.o</name>
      </input_file>
      <input_file id="fl-2">
         <path>.\syscfg\</path>
         <kind>object</kind>
         <file>ti_drivers_config.o</file>
         <name>ti_drivers_config.o</name>
      </input_file>
      <input_file id="fl-3">
         <path>.\</path>
         <kind>object</kind>
         <file>main_nortos.o</file>
         <name>main_nortos.o</name>
      </input_file>
      <input_file id="fl-13">
         <kind>object</kind>
         <file>&lt;internal&gt;</file>
         <name>&lt;internal&gt;</name>
      </input_file>
      <input_file id="fl-14">
         <path>C:\ti\simplelink_cc32xx_sdk_7_10_00_13\source\ti\drivers\lib\ticlang\m4\</path>
         <kind>archive</kind>
         <file>drivers_cc32xx.a</file>
         <name>GPIO.c.obj</name>
      </input_file>
      <input_file id="fl-15">
         <path>C:\ti\simplelink_cc32xx_sdk_7_10_00_13\source\ti\drivers\lib\ticlang\m4\</path>
         <kind>archive</kind>
         <file>drivers_cc32xx.a</file>
         <name>GPIOCC32XX.c.obj</name>
      </input_file>
      <input_file id="fl-16">
         <path>C:\ti\simplelink_cc32xx_sdk_7_10_00_13\source\ti\drivers\lib\ticlang\m4\</path>
         <kind>archive</kind>
         <file>drivers_cc32xx.a</file>
         <name>PowerCC32XX.c.obj</name>
      </input_file>
      <input_file id="fl-17">
         <path>C:\ti\simplelink_cc32xx_sdk_7_10_00_13\source\ti\drivers\lib\ticlang\m4\</path>
         <kind>archive</kind>
         <file>drivers_cc32xx.a</file>
         <name>PowerCC32XX_ticlang.asm.obj</name>
      </input_file>
      <input_file id="fl-18">
         <path>C:\ti\simplelink_cc32xx_sdk_7_10_00_13\source\ti\drivers\lib\ticlang\m4\</path>
         <kind>archive</kind>
         <file>drivers_cc32xx.a</file>
         <name>List.c.obj</name>
      </input_file>
      <input_file id="fl-19">
         <path>C:\ti\simplelink_cc32xx_sdk_7_10_00_13\kernel\nortos\lib\ticlang\m4\</path>
         <kind>archive</kind>
         <file>nortos_cc32xx.a</file>
         <name>NoRTOS.c.obj</name>
      </input_file>
      <input_file id="fl-1a">
         <path>C:\ti\simplelink_cc32xx_sdk_7_10_00_13\kernel\nortos\lib\ticlang\m4\</path>
         <kind>archive</kind>
         <file>nortos_cc32xx.a</file>
         <name>SemaphoreP_nortos.c.obj</name>
      </input_file>
      <input_file id="fl-1b">
         <path>C:\ti\simplelink_cc32xx_sdk_7_10_00_13\kernel\nortos\lib\ticlang\m4\</path>
         <kind>archive</kind>
         <file>nortos_cc32xx.a</file>
         <name>ClockPSysTick_nortos.c.obj</name>
      </input_file>
      <input_file id="fl-1c">
         <path>C:\ti\simplelink_cc32xx_sdk_7_10_00_13\kernel\nortos\lib\ticlang\m4\</path>
         <kind>archive</kind>
         <file>nortos_cc32xx.a</file>
         <name>HwiPCC32XX_nortos.c.obj</name>
      </input_file>
      <input_file id="fl-1d">
         <path>C:\ti\simplelink_cc32xx_sdk_7_10_00_13\kernel\nortos\lib\ticlang\m4\</path>
         <kind>archive</kind>
         <file>nortos_cc32xx.a</file>
         <name>PowerCC32XX_nortos.c.obj</name>
      </input_file>
      <input_file id="fl-1e">
         <path>C:\ti\simplelink_cc32xx_sdk_7_10_00_13\kernel\nortos\lib\ticlang\m4\</path>
         <kind>archive</kind>
         <file>nortos_cc32xx.a</file>
         <name>startup_cc32xx_ticlang.c.obj</name>
      </input_file>
      <input_file id="fl-1f">
         <path>C:\ti\simplelink_cc32xx_sdk_7_10_00_13\kernel\nortos\lib\ticlang\m4\</path>
         <kind>archive</kind>
         <file>nortos_cc32xx.a</file>
         <name>SwiP_nortos.c.obj</name>
      </input_file>
      <input_file id="fl-20">
         <path>C:\ti\simplelink_cc32xx_sdk_7_10_00_13\source\ti\devices\cc32xx\driverlib\ticlang\Release\</path>
         <kind>archive</kind>
         <file>driverlib.a</file>
         <name>cpu.obj</name>
      </input_file>
      <input_file id="fl-21">
         <path>C:\ti\simplelink_cc32xx_sdk_7_10_00_13\source\ti\devices\cc32xx\driverlib\ticlang\Release\</path>
         <kind>archive</kind>
         <file>driverlib.a</file>
         <name>gpio.obj</name>
      </input_file>
      <input_file id="fl-22">
         <path>C:\ti\simplelink_cc32xx_sdk_7_10_00_13\source\ti\devices\cc32xx\driverlib\ticlang\Release\</path>
         <kind>archive</kind>
         <file>driverlib.a</file>
         <name>hwspinlock.obj</name>
      </input_file>
      <input_file id="fl-23">
         <path>C:\ti\simplelink_cc32xx_sdk_7_10_00_13\source\ti\devices\cc32xx\driverlib\ticlang\Release\</path>
         <kind>archive</kind>
         <file>driverlib.a</file>
         <name>interrupt.obj</name>
      </input_file>
      <input_file id="fl-24">
         <path>C:\ti\simplelink_cc32xx_sdk_7_10_00_13\source\ti\devices\cc32xx\driverlib\ticlang\Release\</path>
         <kind>archive</kind>
         <file>driverlib.a</file>
         <name>pin.obj</name>
      </input_file>
      <input_file id="fl-25">
         <path>C:\ti\simplelink_cc32xx_sdk_7_10_00_13\source\ti\devices\cc32xx\driverlib\ticlang\Release\</path>
         <kind>archive</kind>
         <file>driverlib.a</file>
         <name>prcm.obj</name>
      </input_file>
      <input_file id="fl-26">
         <path>C:\ti\simplelink_cc32xx_sdk_7_10_00_13\source\ti\devices\cc32xx\driverlib\ticlang\Release\</path>
         <kind>archive</kind>
         <file>driverlib.a</file>
         <name>spi.obj</name>
      </input_file>
      <input_file id="fl-27">
         <path>C:\ti\simplelink_cc32xx_sdk_7_10_00_13\source\ti\devices\cc32xx\driverlib\ticlang\Release\</path>
         <kind>archive</kind>
         <file>driverlib.a</file>
         <name>systick.obj</name>
      </input_file>
      <input_file id="fl-28">
         <path>C:\ti\simplelink_cc32xx_sdk_7_10_00_13\source\ti\devices\cc32xx\driverlib\ticlang\Release\</path>
         <kind>archive</kind>
         <file>driverlib.a</file>
         <name>udma.obj</name>
      </input_file>
      <input_file id="fl-29">
         <path>C:\ti\simplelink_cc32xx_sdk_7_10_00_13\source\ti\devices\cc32xx\driverlib\ticlang\Release\</path>
         <kind>archive</kind>
         <file>driverlib.a</file>
         <name>utils.obj</name>
      </input_file>
      <input_file id="fl-2a">
         <path>C:\ti\simplelink_cc32xx_sdk_7_10_00_13\source\ti\devices\cc32xx\driverlib\ticlang\Release\</path>
         <kind>archive</kind>
         <file>driverlib.a</file>
         <name>flash.obj</name>
      </input_file>
      <input_file id="fl-36">
         <path>C:\ti\ccs1240\ccs\tools\compiler\ti-cgt-armllvm_2.1.3.LTS\lib\armv7em-ti-none-eabi\c\</path>
         <kind>archive</kind>
         <file>libc.a</file>
         <name>memory.c.obj</name>
      </input_file>
      <input_file id="fl-37">
         <path>C:\ti\ccs1240\ccs\tools\compiler\ti-cgt-armllvm_2.1.3.LTS\lib\armv7em-ti-none-eabi\c\</path>
         <kind>archive</kind>
         <file>libc.a</file>
         <name>copy_zero_init.c.obj</name>
      </input_file>
      <input_file id="fl-38">
         <path>C:\ti\ccs1240\ccs\tools\compiler\ti-cgt-armllvm_2.1.3.LTS\lib\armv7em-ti-none-eabi\c\</path>
         <kind>archive</kind>
         <file>libc.a</file>
         <name>copy_decompress_none.c.obj</name>
      </input_file>
      <input_file id="fl-39">
         <path>C:\ti\ccs1240\ccs\tools\compiler\ti-cgt-armllvm_2.1.3.LTS\lib\armv7em-ti-none-eabi\c\</path>
         <kind>archive</kind>
         <file>libc.a</file>
         <name>copy_decompress_lzss.c.obj</name>
      </input_file>
      <input_file id="fl-3a">
         <path>C:\ti\ccs1240\ccs\tools\compiler\ti-cgt-armllvm_2.1.3.LTS\lib\armv7em-ti-none-eabi\c\</path>
         <kind>archive</kind>
         <file>libc.a</file>
         <name>boot_cortex_m.c.obj</name>
      </input_file>
      <input_file id="fl-3b">
         <path>C:\ti\ccs1240\ccs\tools\compiler\ti-cgt-armllvm_2.1.3.LTS\lib\armv7em-ti-none-eabi\c\</path>
         <kind>archive</kind>
         <file>libc.a</file>
         <name>mathacl_init.c.obj</name>
      </input_file>
      <input_file id="fl-3c">
         <path>C:\ti\ccs1240\ccs\tools\compiler\ti-cgt-armllvm_2.1.3.LTS\lib\armv7em-ti-none-eabi\c\</path>
         <kind>archive</kind>
         <file>libc.a</file>
         <name>exit.c.obj</name>
      </input_file>
      <input_file id="fl-3d">
         <path>C:\ti\ccs1240\ccs\tools\compiler\ti-cgt-armllvm_2.1.3.LTS\lib\armv7em-ti-none-eabi\c\</path>
         <kind>archive</kind>
         <file>libc.a</file>
         <name>_lock.c.obj</name>
      </input_file>
      <input_file id="fl-3e">
         <path>C:\ti\ccs1240\ccs\tools\compiler\ti-cgt-armllvm_2.1.3.LTS\lib\armv7em-ti-none-eabi\c\</path>
         <kind>archive</kind>
         <file>libc.a</file>
         <name>args_main.c.obj</name>
      </input_file>
      <input_file id="fl-3f">
         <path>C:\ti\ccs1240\ccs\tools\compiler\ti-cgt-armllvm_2.1.3.LTS\lib\armv7em-ti-none-eabi\c\</path>
         <kind>archive</kind>
         <file>libc.a</file>
         <name>autoinit.c.obj</name>
      </input_file>
      <input_file id="fl-40">
         <path>C:\ti\ccs1240\ccs\tools\compiler\ti-cgt-armllvm_2.1.3.LTS\lib\armv7em-ti-none-eabi\c\</path>
         <kind>archive</kind>
         <file>libc.a</file>
         <name>pre_init.c.obj</name>
      </input_file>
      <input_file id="fl-41">
         <path>C:\ti\ccs1240\ccs\tools\compiler\ti-cgt-armllvm_2.1.3.LTS\lib\armv7em-ti-none-eabi\c\</path>
         <kind>archive</kind>
         <file>libc.a</file>
         <name>cpy_tbl.c.obj</name>
      </input_file>
      <input_file id="fl-7a">
         <path>C:\ti\ccs1240\ccs\tools\compiler\ti-cgt-armllvm_2.1.3.LTS\lib\clang\14.0.6\lib\armv7em-ti-none-eabi\</path>
         <kind>archive</kind>
         <file>libclang_rt.builtins.a</file>
         <name>aeabi_memcpy.S.obj</name>
      </input_file>
      <input_file id="fl-7b">
         <path>C:\ti\ccs1240\ccs\tools\compiler\ti-cgt-armllvm_2.1.3.LTS\lib\clang\14.0.6\lib\armv7em-ti-none-eabi\</path>
         <kind>archive</kind>
         <file>libclang_rt.builtins.a</file>
         <name>aeabi_memset.S.obj</name>
      </input_file>
      <input_file id="fl-7c">
         <path>C:\ti\ccs1240\ccs\tools\compiler\ti-cgt-armllvm_2.1.3.LTS\lib\clang\14.0.6\lib\armv7em-ti-none-eabi\</path>
         <kind>archive</kind>
         <file>libclang_rt.builtins.a</file>
         <name>aeabi_uldivmod.S.obj</name>
      </input_file>
      <input_file id="fl-7d">
         <path>C:\ti\ccs1240\ccs\tools\compiler\ti-cgt-armllvm_2.1.3.LTS\lib\clang\14.0.6\lib\armv7em-ti-none-eabi\</path>
         <kind>archive</kind>
         <file>libclang_rt.builtins.a</file>
         <name>udivmoddi4.S.obj</name>
      </input_file>
      <input_file id="fl-7e">
         <path>C:\ti\ccs1240\ccs\tools\compiler\ti-cgt-armllvm_2.1.3.LTS\lib\clang\14.0.6\lib\armv7em-ti-none-eabi\</path>
         <kind>archive</kind>
         <file>libclang_rt.builtins.a</file>
         <name>aeabi_div0.c.obj</name>
      </input_file>
      <input_file id="fl-7f">
         <path>C:\ti\ccs1240\ccs\tools\compiler\ti-cgt-armllvm_2.1.3.LTS\lib\armv7em-ti-none-eabi\c\</path>
         <kind>archive</kind>
         <file>libc.a</file>
         <name>memcpy_t2.S.obj</name>
      </input_file>
      <input_file id="fl-80">
         <path>C:\ti\ccs1240\ccs\tools\compiler\ti-cgt-armllvm_2.1.3.LTS\lib\armv7em-ti-none-eabi\c\</path>
         <kind>archive</kind>
         <file>libc.a</file>
         <name>memset_t2.S.obj</name>
      </input_file>
   </input_file_list>
   <object_component_list>
      <object_component id="oc-c8">
         <name>.text.PRCMCC3200MCUInit</name>
         <load_address>0x2000c040</load_address>
         <run_address>0x2000c040</run_address>
         <size>0x4b8</size>
         <input_file_ref idref="fl-25"/>
      </object_component>
      <object_component id="oc-197">
         <name>.text.Power_sleep</name>
         <load_address>0x2000c4f8</load_address>
         <run_address>0x2000c4f8</run_address>
         <size>0x3e4</size>
         <input_file_ref idref="fl-16"/>
      </object_component>
      <object_component id="oc-159">
         <name>.text.PowerCC32XX_sleepPolicy</name>
         <load_address>0x2000c8dc</load_address>
         <run_address>0x2000c8dc</run_address>
         <size>0x150</size>
         <input_file_ref idref="fl-1d"/>
      </object_component>
      <object_component id="oc-eb">
         <name>.text.GPIO_setConfig</name>
         <load_address>0x2000ca2c</load_address>
         <run_address>0x2000ca2c</run_address>
         <size>0x140</size>
         <input_file_ref idref="fl-15"/>
      </object_component>
      <object_component id="oc-1a7">
         <name>.text.aligned_alloc</name>
         <load_address>0x2000cb6c</load_address>
         <run_address>0x2000cb6c</run_address>
         <size>0x120</size>
         <input_file_ref idref="fl-36"/>
      </object_component>
      <object_component id="oc-160">
         <name>.text.free</name>
         <load_address>0x2000cc8c</load_address>
         <run_address>0x2000cc8c</run_address>
         <size>0xf8</size>
         <input_file_ref idref="fl-36"/>
      </object_component>
      <object_component id="oc-1aa">
         <name>.text.IntEnable</name>
         <load_address>0x2000cd84</load_address>
         <run_address>0x2000cd84</run_address>
         <size>0xc8</size>
         <input_file_ref idref="fl-23"/>
      </object_component>
      <object_component id="oc-1b4">
         <name>.text</name>
         <load_address>0x2000ce4c</load_address>
         <run_address>0x2000ce4c</run_address>
         <size>0xb0</size>
         <input_file_ref idref="fl-7d"/>
      </object_component>
      <object_component id="oc-17a">
         <name>.text.GPIOIntTypeSet</name>
         <load_address>0x2000cefc</load_address>
         <run_address>0x2000cefc</run_address>
         <size>0xac</size>
         <input_file_ref idref="fl-21"/>
      </object_component>
      <object_component id="oc-1e5">
         <name>.text.IntPendSet</name>
         <load_address>0x2000cfa8</load_address>
         <run_address>0x2000cfa8</run_address>
         <size>0xa4</size>
         <input_file_ref idref="fl-23"/>
      </object_component>
      <object_component id="oc-135">
         <name>.text.PinConfigSet</name>
         <load_address>0x2000d04c</load_address>
         <run_address>0x2000d04c</run_address>
         <size>0xa2</size>
         <input_file_ref idref="fl-24"/>
      </object_component>
      <object_component id="oc-d8">
         <name>.text.Board_initHook</name>
         <load_address>0x2000d0ee</load_address>
         <run_address>0x2000d0ee</run_address>
         <size>0x2</size>
         <input_file_ref idref="fl-2"/>
      </object_component>
      <object_component id="oc-11d">
         <name>.text.SemaphoreP_pend</name>
         <load_address>0x2000d0f0</load_address>
         <run_address>0x2000d0f0</run_address>
         <size>0x98</size>
         <input_file_ref idref="fl-1a"/>
      </object_component>
      <object_component id="oc-11a">
         <name>.text.HwiP_disable</name>
         <load_address>0x2000d188</load_address>
         <run_address>0x2000d188</run_address>
         <size>0x8</size>
         <input_file_ref idref="fl-1c"/>
      </object_component>
      <object_component id="oc-1c1">
         <name>.text</name>
         <load_address>0x2000d190</load_address>
         <run_address>0x2000d190</run_address>
         <size>0x96</size>
         <input_file_ref idref="fl-17"/>
      </object_component>
      <object_component id="oc-154">
         <name>.text.PowerCC32XX_initPolicy</name>
         <load_address>0x2000d226</load_address>
         <run_address>0x2000d226</run_address>
         <size>0x2</size>
         <input_file_ref idref="fl-1d"/>
      </object_component>
      <object_component id="oc-d2">
         <name>.text.GPIO_init</name>
         <load_address>0x2000d228</load_address>
         <run_address>0x2000d228</run_address>
         <size>0x90</size>
         <input_file_ref idref="fl-15"/>
      </object_component>
      <object_component id="oc-fc">
         <name>.text.PRCMSysResetCauseGet</name>
         <load_address>0x2000d2b8</load_address>
         <run_address>0x2000d2b8</run_address>
         <size>0x8e</size>
         <input_file_ref idref="fl-25"/>
      </object_component>
      <object_component id="oc-1d4">
         <name>.text.__aeabi_ldiv0</name>
         <load_address>0x2000d346</load_address>
         <run_address>0x2000d346</run_address>
         <size>0x2</size>
         <input_file_ref idref="fl-7e"/>
      </object_component>
      <object_component id="oc-10e">
         <name>.text.PowerCC32XX_configureWakeup</name>
         <load_address>0x2000d348</load_address>
         <run_address>0x2000d348</run_address>
         <size>0x88</size>
         <input_file_ref idref="fl-16"/>
      </object_component>
      <object_component id="oc-cd">
         <name>.text.Power_init</name>
         <load_address>0x2000d3d0</load_address>
         <run_address>0x2000d3d0</run_address>
         <size>0x78</size>
         <input_file_ref idref="fl-16"/>
      </object_component>
      <object_component id="oc-179">
         <name>.text.HwiP_construct</name>
         <load_address>0x2000d448</load_address>
         <run_address>0x2000d448</run_address>
         <size>0x74</size>
         <input_file_ref idref="fl-1c"/>
      </object_component>
      <object_component id="oc-151">
         <name>.text.PRCMHibernateWakeUpGPIOSelect</name>
         <load_address>0x2000d4bc</load_address>
         <run_address>0x2000d4bc</run_address>
         <size>0x74</size>
         <input_file_ref idref="fl-25"/>
      </object_component>
      <object_component id="oc-1be">
         <name>.text.PinLockLevelSet</name>
         <load_address>0x2000d530</load_address>
         <run_address>0x2000d530</run_address>
         <size>0x6c</size>
         <input_file_ref idref="fl-24"/>
      </object_component>
      <object_component id="oc-136">
         <name>.text.Power_setDependency</name>
         <load_address>0x2000d59c</load_address>
         <run_address>0x2000d59c</run_address>
         <size>0x6c</size>
         <input_file_ref idref="fl-16"/>
      </object_component>
      <object_component id="oc-124">
         <name>.text.powerNotifyFxn</name>
         <load_address>0x2000d608</load_address>
         <run_address>0x2000d608</run_address>
         <size>0x6c</size>
         <input_file_ref idref="fl-15"/>
      </object_component>
      <object_component id="oc-1cf">
         <name>.text.split</name>
         <load_address>0x2000d674</load_address>
         <run_address>0x2000d674</run_address>
         <size>0x6c</size>
         <input_file_ref idref="fl-36"/>
      </object_component>
      <object_component id="oc-104">
         <name>.text.PRCMPeripheralReset</name>
         <load_address>0x2000d6e0</load_address>
         <run_address>0x2000d6e0</run_address>
         <size>0x6a</size>
         <input_file_ref idref="fl-25"/>
      </object_component>
      <object_component id="oc-18">
         <name>.text:decompress:lzss</name>
         <load_address>0x2000d74a</load_address>
         <run_address>0x2000d74a</run_address>
         <size>0x6a</size>
         <input_file_ref idref="fl-39"/>
      </object_component>
      <object_component id="oc-e4">
         <name>.text.GPIO_write</name>
         <load_address>0x2000d7b4</load_address>
         <run_address>0x2000d7b4</run_address>
         <size>0x60</size>
         <input_file_ref idref="fl-15"/>
      </object_component>
      <object_component id="oc-1e0">
         <name>.text.FlashDisable</name>
         <load_address>0x2000d814</load_address>
         <run_address>0x2000d814</run_address>
         <size>0x5c</size>
         <input_file_ref idref="fl-2a"/>
      </object_component>
      <object_component id="oc-153">
         <name>.text.PRCMHibernateWakeupSourceDisable</name>
         <load_address>0x2000d870</load_address>
         <run_address>0x2000d870</run_address>
         <size>0x5c</size>
         <input_file_ref idref="fl-25"/>
      </object_component>
      <object_component id="oc-103">
         <name>.text.PRCMPeripheralClkEnable</name>
         <load_address>0x2000d8cc</load_address>
         <run_address>0x2000d8cc</run_address>
         <size>0x5a</size>
         <input_file_ref idref="fl-25"/>
      </object_component>
      <object_component id="oc-13f">
         <name>.text._nop</name>
         <load_address>0x2000d926</load_address>
         <run_address>0x2000d926</run_address>
         <size>0x2</size>
         <input_file_ref idref="fl-3d"/>
      </object_component>
      <object_component id="oc-1b2">
         <name>.text.ClockP_startup</name>
         <load_address>0x2000d928</load_address>
         <run_address>0x2000d928</run_address>
         <size>0x58</size>
         <input_file_ref idref="fl-1b"/>
      </object_component>
      <object_component id="oc-1a9">
         <name>.text.IntPrioritySet</name>
         <load_address>0x2000d980</load_address>
         <run_address>0x2000d980</run_address>
         <size>0x58</size>
         <input_file_ref idref="fl-23"/>
      </object_component>
      <object_component id="oc-1cb">
         <name>.text.PRCMLPDSEnter</name>
         <load_address>0x2000d9d8</load_address>
         <run_address>0x2000d9d8</run_address>
         <size>0x56</size>
         <input_file_ref idref="fl-25"/>
      </object_component>
      <object_component id="oc-4e">
         <name>.text.busFaultHandler</name>
         <load_address>0x2000da2e</load_address>
         <run_address>0x2000da2e</run_address>
         <size>0x2</size>
         <input_file_ref idref="fl-1e"/>
      </object_component>
      <object_component id="oc-13e">
         <name>.text.GPIO_toggle</name>
         <load_address>0x2000da30</load_address>
         <run_address>0x2000da30</run_address>
         <size>0x54</size>
         <input_file_ref idref="fl-15"/>
      </object_component>
      <object_component id="oc-173">
         <name>.text.PowerCC32XX_setParkState</name>
         <load_address>0x2000da84</load_address>
         <run_address>0x2000da84</run_address>
         <size>0x54</size>
         <input_file_ref idref="fl-16"/>
      </object_component>
      <object_component id="oc-a6">
         <name>.text.mainThread</name>
         <load_address>0x2000dad8</load_address>
         <run_address>0x2000dad8</run_address>
         <size>0x54</size>
         <input_file_ref idref="fl-1"/>
      </object_component>
      <object_component id="oc-13d">
         <name>.text.GPIO_hwiIntFxn</name>
         <load_address>0x2000db2c</load_address>
         <run_address>0x2000db2c</run_address>
         <size>0x50</size>
         <input_file_ref idref="fl-15"/>
      </object_component>
      <object_component id="oc-152">
         <name>.text.PRCMHibernateWakeupSourceEnable</name>
         <load_address>0x2000db7c</load_address>
         <run_address>0x2000db7c</run_address>
         <size>0x50</size>
         <input_file_ref idref="fl-25"/>
      </object_component>
      <object_component id="oc-1a0">
         <name>.text.SemaphoreP_construct</name>
         <load_address>0x2000dbcc</load_address>
         <run_address>0x2000dbcc</run_address>
         <size>0x50</size>
         <input_file_ref idref="fl-1a"/>
      </object_component>
      <object_component id="oc-13a">
         <name>.text.GPIO_setInterruptConfig</name>
         <load_address>0x2000dc1c</load_address>
         <run_address>0x2000dc1c</run_address>
         <size>0x4c</size>
         <input_file_ref idref="fl-15"/>
      </object_component>
      <object_component id="oc-1de">
         <name>.text.PRCMLPDSRestoreInfoSet</name>
         <load_address>0x2000dc68</load_address>
         <run_address>0x2000dc68</run_address>
         <size>0x4c</size>
         <input_file_ref idref="fl-25"/>
      </object_component>
      <object_component id="oc-4f">
         <name>.text.ClockP_sysTickHandler</name>
         <load_address>0x2000dcb4</load_address>
         <run_address>0x2000dcb4</run_address>
         <size>0x48</size>
         <input_file_ref idref="fl-1b"/>
      </object_component>
      <object_component id="oc-1c5">
         <name>.text.PRCMIntEnable</name>
         <load_address>0x2000dcfc</load_address>
         <run_address>0x2000dcfc</run_address>
         <size>0x48</size>
         <input_file_ref idref="fl-25"/>
      </object_component>
      <object_component id="oc-177">
         <name>.text.PRCMPeripheralStatusGet</name>
         <load_address>0x2000dd44</load_address>
         <run_address>0x2000dd44</run_address>
         <size>0x48</size>
         <input_file_ref idref="fl-25"/>
      </object_component>
      <object_component id="oc-1db">
         <name>.text.PinConfigGet</name>
         <load_address>0x2000dd8c</load_address>
         <run_address>0x2000dd8c</run_address>
         <size>0x48</size>
         <input_file_ref idref="fl-24"/>
      </object_component>
      <object_component id="oc-1ca">
         <name>.text.PRCMLPDSEnterKeepDebugIf</name>
         <load_address>0x2000ddd4</load_address>
         <run_address>0x2000ddd4</run_address>
         <size>0x46</size>
         <input_file_ref idref="fl-25"/>
      </object_component>
      <object_component id="oc-139">
         <name>.text.GPIODirModeSet</name>
         <load_address>0x2000de1a</load_address>
         <run_address>0x2000de1a</run_address>
         <size>0x44</size>
         <input_file_ref idref="fl-21"/>
      </object_component>
      <object_component id="oc-167">
         <name>.text.clkFxn</name>
         <load_address>0x2000de5e</load_address>
         <run_address>0x2000de5e</run_address>
         <size>0x2</size>
         <input_file_ref idref="fl-1a"/>
      </object_component>
      <object_component id="oc-17b">
         <name>.text.GPIO_disableInt</name>
         <load_address>0x2000de60</load_address>
         <run_address>0x2000de60</run_address>
         <size>0x44</size>
         <input_file_ref idref="fl-15"/>
      </object_component>
      <object_component id="oc-ea">
         <name>.text.GPIO_enableInt</name>
         <load_address>0x2000dea4</load_address>
         <run_address>0x2000dea4</run_address>
         <size>0x44</size>
         <input_file_ref idref="fl-15"/>
      </object_component>
      <object_component id="oc-73">
         <name>.text.addToList</name>
         <load_address>0x2000dee8</load_address>
         <run_address>0x2000dee8</run_address>
         <size>0x44</size>
         <input_file_ref idref="fl-1b"/>
      </object_component>
      <object_component id="oc-10b">
         <name>.text.PinModeSet</name>
         <load_address>0x2000df2c</load_address>
         <run_address>0x2000df2c</run_address>
         <size>0x42</size>
         <input_file_ref idref="fl-24"/>
      </object_component>
      <object_component id="oc-18c">
         <name>.text.getCountsRTC</name>
         <load_address>0x2000df6e</load_address>
         <run_address>0x2000df6e</run_address>
         <size>0x42</size>
         <input_file_ref idref="fl-1d"/>
      </object_component>
      <object_component id="oc-11f">
         <name>.text.SemaphoreP_post</name>
         <load_address>0x2000dfb0</load_address>
         <run_address>0x2000dfb0</run_address>
         <size>0x40</size>
         <input_file_ref idref="fl-1a"/>
      </object_component>
      <object_component id="oc-1dd">
         <name>.text.PinDirModeSet</name>
         <load_address>0x2000dff0</load_address>
         <run_address>0x2000dff0</run_address>
         <size>0x3e</size>
         <input_file_ref idref="fl-24"/>
      </object_component>
      <object_component id="oc-4d">
         <name>.text.defaultHandler</name>
         <load_address>0x2000e02e</load_address>
         <run_address>0x2000e02e</run_address>
         <size>0x2</size>
         <input_file_ref idref="fl-1e"/>
      </object_component>
      <object_component id="oc-1a4">
         <name>.text.ClockP_stop</name>
         <load_address>0x2000e030</load_address>
         <run_address>0x2000e030</run_address>
         <size>0x3c</size>
         <input_file_ref idref="fl-1b"/>
      </object_component>
      <object_component id="oc-166">
         <name>.text.ClockP_destruct</name>
         <load_address>0x2000e06c</load_address>
         <run_address>0x2000e06c</run_address>
         <size>0x38</size>
         <input_file_ref idref="fl-1b"/>
      </object_component>
      <object_component id="oc-19d">
         <name>.text.SwiP_restore</name>
         <load_address>0x2000e0a4</load_address>
         <run_address>0x2000e0a4</run_address>
         <size>0x38</size>
         <input_file_ref idref="fl-1f"/>
      </object_component>
      <object_component id="oc-b5">
         <name>.text:__TI_auto_init_nobinit_nopinit</name>
         <load_address>0x2000e0dc</load_address>
         <run_address>0x2000e0dc</run_address>
         <size>0x38</size>
         <input_file_ref idref="fl-3f"/>
      </object_component>
      <object_component id="oc-1c0">
         <name>.text.PinLock</name>
         <load_address>0x2000e114</load_address>
         <run_address>0x2000e114</run_address>
         <size>0x36</size>
         <input_file_ref idref="fl-24"/>
      </object_component>
      <object_component id="oc-4c">
         <name>.text.faultISR</name>
         <load_address>0x2000e14a</load_address>
         <run_address>0x2000e14a</run_address>
         <size>0x2</size>
         <input_file_ref idref="fl-1e"/>
      </object_component>
      <object_component id="oc-163">
         <name>.text.ClockP_start</name>
         <load_address>0x2000e14c</load_address>
         <run_address>0x2000e14c</run_address>
         <size>0x34</size>
         <input_file_ref idref="fl-1b"/>
      </object_component>
      <object_component id="oc-1dc">
         <name>.text.PinDirModeGet</name>
         <load_address>0x2000e180</load_address>
         <run_address>0x2000e180</run_address>
         <size>0x34</size>
         <input_file_ref idref="fl-24"/>
      </object_component>
      <object_component id="oc-106">
         <name>.text.PinModeGet</name>
         <load_address>0x2000e1b4</load_address>
         <run_address>0x2000e1b4</run_address>
         <size>0x34</size>
         <input_file_ref idref="fl-24"/>
      </object_component>
      <object_component id="oc-1bd">
         <name>.text.PowerCC32XX_parkPin</name>
         <load_address>0x2000e1e8</load_address>
         <run_address>0x2000e1e8</run_address>
         <size>0x34</size>
         <input_file_ref idref="fl-16"/>
      </object_component>
      <object_component id="oc-46">
         <name>.text.initVectors</name>
         <load_address>0x2000e21c</load_address>
         <run_address>0x2000e21c</run_address>
         <size>0x34</size>
         <input_file_ref idref="fl-1e"/>
      </object_component>
      <object_component id="oc-189">
         <name>.text.ClockP_getTicksUntilInterrupt</name>
         <load_address>0x2000e250</load_address>
         <run_address>0x2000e250</run_address>
         <size>0x30</size>
         <input_file_ref idref="fl-1b"/>
      </object_component>
      <object_component id="oc-196">
         <name>.text.PRCMLPDSIntervalSet</name>
         <load_address>0x2000e280</load_address>
         <run_address>0x2000e280</run_address>
         <size>0x30</size>
         <input_file_ref idref="fl-25"/>
      </object_component>
      <object_component id="oc-1b3">
         <name>.text.PRCMSlowClkCtrFastGet</name>
         <load_address>0x2000e2b0</load_address>
         <run_address>0x2000e2b0</run_address>
         <size>0x30</size>
         <input_file_ref idref="fl-25"/>
      </object_component>
      <object_component id="oc-1bb">
         <name>.text.notify</name>
         <load_address>0x2000e2e0</load_address>
         <run_address>0x2000e2e0</run_address>
         <size>0x30</size>
         <input_file_ref idref="fl-16"/>
      </object_component>
      <object_component id="oc-17d">
         <name>.text.GPIOIntStatus</name>
         <load_address>0x2000e310</load_address>
         <run_address>0x2000e310</run_address>
         <size>0x2e</size>
         <input_file_ref idref="fl-21"/>
      </object_component>
      <object_component id="oc-138">
         <name>.text.HwiP_create</name>
         <load_address>0x2000e33e</load_address>
         <run_address>0x2000e33e</run_address>
         <size>0x2a</size>
         <input_file_ref idref="fl-1c"/>
      </object_component>
      <object_component id="oc-150">
         <name>.text.PRCMLPDSWakeUpGPIOSelect</name>
         <load_address>0x2000e368</load_address>
         <run_address>0x2000e368</run_address>
         <size>0x2a</size>
         <input_file_ref idref="fl-25"/>
      </object_component>
      <object_component id="oc-105">
         <name>.text.PRCMPeripheralClkDisable</name>
         <load_address>0x2000e392</load_address>
         <run_address>0x2000e392</run_address>
         <size>0x2a</size>
         <input_file_ref idref="fl-25"/>
      </object_component>
      <object_component id="oc-1bc">
         <name>.text.PRCMSRAMRetentionEnable</name>
         <load_address>0x2000e3bc</load_address>
         <run_address>0x2000e3bc</run_address>
         <size>0x28</size>
         <input_file_ref idref="fl-25"/>
      </object_component>
      <object_component id="oc-1a3">
         <name>.text.free_list_insert</name>
         <load_address>0x2000e3e4</load_address>
         <run_address>0x2000e3e4</run_address>
         <size>0x28</size>
         <input_file_ref idref="fl-36"/>
      </object_component>
      <object_component id="oc-168">
         <name>.text.List_put</name>
         <load_address>0x2000e40c</load_address>
         <run_address>0x2000e40c</run_address>
         <size>0x24</size>
         <input_file_ref idref="fl-18"/>
      </object_component>
      <object_component id="oc-14e">
         <name>.text.PRCMLPDSWakeupSourceEnable</name>
         <load_address>0x2000e430</load_address>
         <run_address>0x2000e430</run_address>
         <size>0x24</size>
         <input_file_ref idref="fl-25"/>
      </object_component>
      <object_component id="oc-1c7">
         <name>.text.PowerCC32XX_restoreParkedPin</name>
         <load_address>0x2000e454</load_address>
         <run_address>0x2000e454</run_address>
         <size>0x24</size>
         <input_file_ref idref="fl-16"/>
      </object_component>
      <object_component id="oc-11e">
         <name>.text.Power_registerNotify</name>
         <load_address>0x2000e478</load_address>
         <run_address>0x2000e478</run_address>
         <size>0x24</size>
         <input_file_ref idref="fl-16"/>
      </object_component>
      <object_component id="oc-6c">
         <name>.text:_c_int00_noargs</name>
         <load_address>0x2000e49c</load_address>
         <run_address>0x2000e49c</run_address>
         <size>0x24</size>
         <input_file_ref idref="fl-3a"/>
      </object_component>
      <object_component id="oc-12b">
         <name>.text.GPIOPinWrite</name>
         <load_address>0x2000e4c0</load_address>
         <run_address>0x2000e4c0</run_address>
         <size>0x22</size>
         <input_file_ref idref="fl-21"/>
      </object_component>
      <object_component id="oc-1c6">
         <name>.text.PinUnlock</name>
         <load_address>0x2000e4e2</load_address>
         <run_address>0x2000e4e2</run_address>
         <size>0x22</size>
         <input_file_ref idref="fl-24"/>
      </object_component>
      <object_component id="oc-1a8">
         <name>.text.IntRegister</name>
         <load_address>0x2000e504</load_address>
         <run_address>0x2000e504</run_address>
         <size>0x20</size>
         <input_file_ref idref="fl-23"/>
      </object_component>
      <object_component id="oc-114">
         <name>.text.SemaphoreP_createBinary</name>
         <load_address>0x2000e524</load_address>
         <run_address>0x2000e524</run_address>
         <size>0x20</size>
         <input_file_ref idref="fl-1a"/>
      </object_component>
      <object_component id="oc-e5">
         <name>.text.GPIO_setCallback</name>
         <load_address>0x2000e544</load_address>
         <run_address>0x2000e544</run_address>
         <size>0x1c</size>
         <input_file_ref idref="fl-14"/>
      </object_component>
      <object_component id="oc-1ad">
         <name>.text.HwiP_dispatch</name>
         <load_address>0x2000e560</load_address>
         <run_address>0x2000e560</run_address>
         <size>0x1c</size>
         <input_file_ref idref="fl-1c"/>
      </object_component>
      <object_component id="oc-182">
         <name>.text.SwiP_disable</name>
         <load_address>0x2000e57c</load_address>
         <run_address>0x2000e57c</run_address>
         <size>0x1c</size>
         <input_file_ref idref="fl-1f"/>
      </object_component>
      <object_component id="oc-1a2">
         <name>.text.free_list_remove</name>
         <load_address>0x2000e598</load_address>
         <run_address>0x2000e598</run_address>
         <size>0x1c</size>
         <input_file_ref idref="fl-36"/>
      </object_component>
      <object_component id="oc-21">
         <name>.text.resetISR</name>
         <load_address>0x2000e5b4</load_address>
         <run_address>0x2000e5b4</run_address>
         <size>0x1c</size>
         <input_file_ref idref="fl-1e"/>
      </object_component>
      <object_component id="oc-1ae">
         <name>.text.GPIOIntDisable</name>
         <load_address>0x2000e5d0</load_address>
         <run_address>0x2000e5d0</run_address>
         <size>0x1a</size>
         <input_file_ref idref="fl-21"/>
      </object_component>
      <object_component id="oc-102">
         <name>.text.PRCMHIBRegRead</name>
         <load_address>0x2000e5ea</load_address>
         <run_address>0x2000e5ea</run_address>
         <size>0x1a</size>
         <input_file_ref idref="fl-25"/>
      </object_component>
      <object_component id="oc-101">
         <name>.text.PRCMHIBRegWrite</name>
         <load_address>0x2000e604</load_address>
         <run_address>0x2000e604</run_address>
         <size>0x1a</size>
         <input_file_ref idref="fl-25"/>
      </object_component>
      <object_component id="oc-14f">
         <name>.text.PRCMLPDSWakeupSourceDisable</name>
         <load_address>0x2000e61e</load_address>
         <run_address>0x2000e61e</run_address>
         <size>0x1a</size>
         <input_file_ref idref="fl-25"/>
      </object_component>
      <object_component id="oc-1bf">
         <name>.text.PinToPadGet</name>
         <load_address>0x2000e638</load_address>
         <run_address>0x2000e638</run_address>
         <size>0x1a</size>
         <input_file_ref idref="fl-24"/>
      </object_component>
      <object_component id="oc-134">
         <name>.text.GPIOIntEnable</name>
         <load_address>0x2000e652</load_address>
         <run_address>0x2000e652</run_address>
         <size>0x18</size>
         <input_file_ref idref="fl-21"/>
      </object_component>
      <object_component id="oc-17e">
         <name>.text.GPIOPinRead</name>
         <load_address>0x2000e66a</load_address>
         <run_address>0x2000e66a</run_address>
         <size>0x18</size>
         <input_file_ref idref="fl-21"/>
      </object_component>
      <object_component id="oc-15c">
         <name>.text.SemaphoreP_create</name>
         <load_address>0x2000e682</load_address>
         <run_address>0x2000e682</run_address>
         <size>0x18</size>
         <input_file_ref idref="fl-1a"/>
      </object_component>
      <object_component id="oc-9c">
         <name>.text.Board_init</name>
         <load_address>0x2000e69a</load_address>
         <run_address>0x2000e69a</run_address>
         <size>0x16</size>
         <input_file_ref idref="fl-2"/>
      </object_component>
      <object_component id="oc-199">
         <name>.text.SysTickPeriodSet</name>
         <load_address>0x2000e6b0</load_address>
         <run_address>0x2000e6b0</run_address>
         <size>0x16</size>
         <input_file_ref idref="fl-27"/>
      </object_component>
      <object_component id="oc-62">
         <name>.text.CPUcpsid</name>
         <load_address>0x2000e6c6</load_address>
         <run_address>0x2000e6c6</run_address>
         <size>0x14</size>
         <input_file_ref idref="fl-20"/>
      </object_component>
      <object_component id="oc-174">
         <name>.text.CPUcpsie</name>
         <load_address>0x2000e6da</load_address>
         <run_address>0x2000e6da</run_address>
         <size>0x14</size>
         <input_file_ref idref="fl-20"/>
      </object_component>
      <object_component id="oc-69">
         <name>.text.IntVTableBaseSet</name>
         <load_address>0x2000e6ee</load_address>
         <run_address>0x2000e6ee</run_address>
         <size>0x14</size>
         <input_file_ref idref="fl-23"/>
      </object_component>
      <object_component id="oc-ed">
         <name>.text.gpioButtonFxn1</name>
         <load_address>0x2000e702</load_address>
         <run_address>0x2000e702</run_address>
         <size>0x2</size>
         <input_file_ref idref="fl-1"/>
      </object_component>
      <object_component id="oc-16f">
         <name>.text.Power_disablePolicy</name>
         <load_address>0x2000e704</load_address>
         <run_address>0x2000e704</run_address>
         <size>0x14</size>
         <input_file_ref idref="fl-16"/>
      </object_component>
      <object_component id="oc-18a">
         <name>.text.Power_getTransitionLatency</name>
         <load_address>0x2000e718</load_address>
         <run_address>0x2000e718</run_address>
         <size>0x14</size>
         <input_file_ref idref="fl-16"/>
      </object_component>
      <object_component id="oc-1a1">
         <name>.text.Power_idleFunc</name>
         <load_address>0x2000e72c</load_address>
         <run_address>0x2000e72c</run_address>
         <size>0x14</size>
         <input_file_ref idref="fl-16"/>
      </object_component>
      <object_component id="oc-18d">
         <name>.text</name>
         <load_address>0x2000e740</load_address>
         <run_address>0x2000e740</run_address>
         <size>0x14</size>
         <input_file_ref idref="fl-7c"/>
      </object_component>
      <object_component id="oc-162">
         <name>.text.ClockP_add</name>
         <load_address>0x2000e754</load_address>
         <run_address>0x2000e754</run_address>
         <size>0x12</size>
         <input_file_ref idref="fl-1b"/>
      </object_component>
      <object_component id="oc-17c">
         <name>.text.GPIOIntClear</name>
         <load_address>0x2000e766</load_address>
         <run_address>0x2000e766</run_address>
         <size>0x12</size>
         <input_file_ref idref="fl-21"/>
      </object_component>
      <object_component id="oc-137">
         <name>.text.HwiP_Params_init</name>
         <load_address>0x2000e778</load_address>
         <run_address>0x2000e778</run_address>
         <size>0x12</size>
         <input_file_ref idref="fl-1c"/>
      </object_component>
      <object_component id="oc-19a">
         <name>.text.SysTickEnable</name>
         <load_address>0x2000e78a</load_address>
         <run_address>0x2000e78a</run_address>
         <size>0x12</size>
         <input_file_ref idref="fl-27"/>
      </object_component>
      <object_component id="oc-191">
         <name>.text.SysTickIntDisable</name>
         <load_address>0x2000e79c</load_address>
         <run_address>0x2000e79c</run_address>
         <size>0x12</size>
         <input_file_ref idref="fl-27"/>
      </object_component>
      <object_component id="oc-19b">
         <name>.text.SysTickIntEnable</name>
         <load_address>0x2000e7ae</load_address>
         <run_address>0x2000e7ae</run_address>
         <size>0x12</size>
         <input_file_ref idref="fl-27"/>
      </object_component>
      <object_component id="oc-77">
         <name>.text:TI_memcpy_small</name>
         <load_address>0x2000e7c0</load_address>
         <run_address>0x2000e7c0</run_address>
         <size>0x12</size>
         <input_file_ref idref="fl-7f"/>
      </object_component>
      <object_component id="oc-3a">
         <name>.text:decompress:ZI:__TI_zero_init_nomemset</name>
         <load_address>0x2000e7d2</load_address>
         <run_address>0x2000e7d2</run_address>
         <size>0x12</size>
         <input_file_ref idref="fl-37"/>
      </object_component>
      <object_component id="oc-181">
         <name>.text.ClockP_getCpuFreq</name>
         <load_address>0x2000e7e4</load_address>
         <run_address>0x2000e7e4</run_address>
         <size>0x10</size>
         <input_file_ref idref="fl-1b"/>
      </object_component>
      <object_component id="oc-18b">
         <name>.text.ClockP_getSystemTicks</name>
         <load_address>0x2000e7f4</load_address>
         <run_address>0x2000e7f4</run_address>
         <size>0x10</size>
         <input_file_ref idref="fl-1b"/>
      </object_component>
      <object_component id="oc-198">
         <name>.text.ClockP_setTicks</name>
         <load_address>0x2000e804</load_address>
         <run_address>0x2000e804</run_address>
         <size>0x10</size>
         <input_file_ref idref="fl-1b"/>
      </object_component>
      <object_component id="oc-16e">
         <name>.text.HwiP_inISR</name>
         <load_address>0x2000e814</load_address>
         <run_address>0x2000e814</run_address>
         <size>0x10</size>
         <input_file_ref idref="fl-1c"/>
      </object_component>
      <object_component id="oc-165">
         <name>.text.Power_enablePolicy</name>
         <load_address>0x2000e824</load_address>
         <run_address>0x2000e824</run_address>
         <size>0x10</size>
         <input_file_ref idref="fl-16"/>
      </object_component>
      <object_component id="oc-85">
         <name>.text.main</name>
         <load_address>0x2000e834</load_address>
         <run_address>0x2000e834</run_address>
         <size>0x10</size>
         <input_file_ref idref="fl-3"/>
      </object_component>
      <object_component id="oc-1c">
         <name>.text:decompress:none</name>
         <load_address>0x2000e844</load_address>
         <run_address>0x2000e844</run_address>
         <size>0xe</size>
         <input_file_ref idref="fl-38"/>
      </object_component>
      <object_component id="oc-1cc">
         <name>.text.CPUwfi</name>
         <load_address>0x2000e852</load_address>
         <run_address>0x2000e852</run_address>
         <size>0xc</size>
         <input_file_ref idref="fl-20"/>
      </object_component>
      <object_component id="oc-1c8">
         <name>.text.PRCMLPDSWakeupCauseGet</name>
         <load_address>0x2000e85e</load_address>
         <run_address>0x2000e85e</run_address>
         <size>0xc</size>
         <input_file_ref idref="fl-25"/>
      </object_component>
      <object_component id="oc-4b">
         <name>.text.nmiISR</name>
         <load_address>0x2000e86a</load_address>
         <run_address>0x2000e86a</run_address>
         <size>0x2</size>
         <input_file_ref idref="fl-1e"/>
      </object_component>
      <object_component id="oc-188">
         <name>.text.Power_getConstraintMask</name>
         <load_address>0x2000e86c</load_address>
         <run_address>0x2000e86c</run_address>
         <size>0xc</size>
         <input_file_ref idref="fl-16"/>
      </object_component>
      <object_component id="oc-164">
         <name>.text.ClockP_isActive</name>
         <load_address>0x2000e878</load_address>
         <run_address>0x2000e878</run_address>
         <size>0xa</size>
         <input_file_ref idref="fl-1b"/>
      </object_component>
      <object_component id="oc-41">
         <name>.text.IntMasterDisable</name>
         <load_address>0x2000e882</load_address>
         <run_address>0x2000e882</run_address>
         <size>0xa</size>
         <input_file_ref idref="fl-23"/>
      </object_component>
      <object_component id="oc-127">
         <name>.text.IntMasterEnable</name>
         <load_address>0x2000e88c</load_address>
         <run_address>0x2000e88c</run_address>
         <size>0xa</size>
         <input_file_ref idref="fl-23"/>
      </object_component>
      <object_component id="oc-11b">
         <name>.text.HwiP_restore</name>
         <load_address>0x2000e896</load_address>
         <run_address>0x2000e896</run_address>
         <size>0x8</size>
         <input_file_ref idref="fl-1c"/>
      </object_component>
      <object_component id="oc-19c">
         <name>.text.PRCMSleepEnter</name>
         <load_address>0x2000e89e</load_address>
         <run_address>0x2000e89e</run_address>
         <size>0x8</size>
         <input_file_ref idref="fl-25"/>
      </object_component>
      <object_component id="oc-fd">
         <name>.text.UtilsDelay</name>
         <load_address>0x2000e8a6</load_address>
         <run_address>0x2000e8a6</run_address>
         <size>0x8</size>
         <input_file_ref idref="fl-29"/>
      </object_component>
      <object_component id="oc-178">
         <name>.text.malloc</name>
         <load_address>0x2000e8ae</load_address>
         <run_address>0x2000e8ae</run_address>
         <size>0x8</size>
         <input_file_ref idref="fl-36"/>
      </object_component>
      <object_component id="oc-ec">
         <name>.text.gpioButtonFxn0</name>
         <load_address>0x2000e8b6</load_address>
         <run_address>0x2000e8b6</run_address>
         <size>0x6</size>
         <input_file_ref idref="fl-1"/>
      </object_component>
      <object_component id="oc-19e">
         <name>.text.ClockP_doTick</name>
         <load_address>0x2000e8bc</load_address>
         <run_address>0x2000e8bc</run_address>
         <size>0x4</size>
         <input_file_ref idref="fl-1b"/>
      </object_component>
      <object_component id="oc-dc">
         <name>.text.HwiP_enable</name>
         <load_address>0x2000e8c0</load_address>
         <run_address>0x2000e8c0</run_address>
         <size>0x4</size>
         <input_file_ref idref="fl-1c"/>
      </object_component>
      <object_component id="oc-1cd">
         <name>.text.HwiP_post</name>
         <load_address>0x2000e8c4</load_address>
         <run_address>0x2000e8c4</run_address>
         <size>0x4</size>
         <input_file_ref idref="fl-1c"/>
      </object_component>
      <object_component id="oc-a1">
         <name>.text.NoRTOS_start</name>
         <load_address>0x2000e8c8</load_address>
         <run_address>0x2000e8c8</run_address>
         <size>0x4</size>
         <input_file_ref idref="fl-19"/>
      </object_component>
      <object_component id="oc-11c">
         <name>.text.SemaphoreP_delete</name>
         <load_address>0x2000e8cc</load_address>
         <run_address>0x2000e8cc</run_address>
         <size>0x4</size>
         <input_file_ref idref="fl-1a"/>
      </object_component>
      <object_component id="oc-81">
         <name>.text._system_pre_init</name>
         <load_address>0x2000e8d0</load_address>
         <run_address>0x2000e8d0</run_address>
         <size>0x4</size>
         <input_file_ref idref="fl-40"/>
      </object_component>
      <object_component id="oc-ae">
         <name>.text:abort</name>
         <load_address>0x2000e8d4</load_address>
         <run_address>0x2000e8d4</run_address>
         <size>0x4</size>
         <input_file_ref idref="fl-3c"/>
      </object_component>
      <object_component id="oc-33">
         <name>.text</name>
         <load_address>0x2000e8d8</load_address>
         <run_address>0x2000e8d8</run_address>
         <size>0x4</size>
         <input_file_ref idref="fl-7a"/>
      </object_component>
      <object_component id="oc-14b">
         <name>.rodata.g_ulPinToPadMap</name>
         <load_address>0x2000ef64</load_address>
         <run_address>0x2000ef64</run_address>
         <size>0x100</size>
         <input_file_ref idref="fl-24"/>
      </object_component>
      <object_component id="oc-1d1">
         <name>.rodata.g_pulRegs</name>
         <load_address>0x2000f064</load_address>
         <run_address>0x2000f064</run_address>
         <size>0xd4</size>
         <input_file_ref idref="fl-23"/>
      </object_component>
      <object_component id="oc-14a">
         <name>.rodata.PRCM_PeriphRegsList</name>
         <load_address>0x2000f138</load_address>
         <run_address>0x2000f138</run_address>
         <size>0xa8</size>
         <input_file_ref idref="fl-25"/>
      </object_component>
      <object_component id="oc-111">
         <name>.rodata.PowerCC32XX_config</name>
         <load_address>0x2000f1e0</load_address>
         <run_address>0x2000f1e0</run_address>
         <size>0x44</size>
         <input_file_ref idref="fl-2"/>
      </object_component>
      <object_component id="oc-130">
         <name>.rodata.portConfigs</name>
         <load_address>0x2000f224</load_address>
         <run_address>0x2000f224</run_address>
         <size>0x28</size>
         <input_file_ref idref="fl-15"/>
      </object_component>
      <object_component id="oc-13b">
         <name>.rodata.pinTable</name>
         <load_address>0x2000f24c</load_address>
         <run_address>0x2000f24c</run_address>
         <size>0x21</size>
         <input_file_ref idref="fl-15"/>
      </object_component>
      <object_component id="oc-123">
         <name>.rodata.GPIO_pinUpperBound</name>
         <load_address>0x2000f26d</load_address>
         <run_address>0x2000f26d</run_address>
         <size>0x1</size>
         <input_file_ref idref="fl-2"/>
      </object_component>
      <object_component id="oc-1d2">
         <name>.rodata.g_pulEnRegs</name>
         <load_address>0x2000f270</load_address>
         <run_address>0x2000f270</run_address>
         <size>0x18</size>
         <input_file_ref idref="fl-23"/>
      </object_component>
      <object_component id="oc-1ea">
         <name>.rodata.g_pulPendRegs</name>
         <load_address>0x2000f288</load_address>
         <run_address>0x2000f288</run_address>
         <size>0x18</size>
         <input_file_ref idref="fl-23"/>
      </object_component>
      <object_component id="oc-122">
         <name>.rodata.GPIO_config</name>
         <load_address>0x2000f2a0</load_address>
         <run_address>0x2000f2a0</run_address>
         <size>0x10</size>
         <input_file_ref idref="fl-2"/>
      </object_component>
      <object_component id="oc-222">
         <name>.cinit..data.load</name>
         <load_address>0x2000f4fc</load_address>
         <run_address>0x2000f4fc</run_address>
         <size>0xcf</size>
      </object_component>
      <object_component id="oc-220">
         <name>__TI_handler_table</name>
         <load_address>0x2000f5cc</load_address>
         <run_address>0x2000f5cc</run_address>
         <size>0xc</size>
      </object_component>
      <object_component id="oc-223">
         <name>.cinit..bss.load</name>
         <load_address>0x2000f5d8</load_address>
         <run_address>0x2000f5d8</run_address>
         <size>0x8</size>
      </object_component>
      <object_component id="oc-221">
         <name>__TI_cinit_table</name>
         <load_address>0x2000f5e0</load_address>
         <run_address>0x2000f5e0</run_address>
         <size>0x10</size>
      </object_component>
      <object_component id="oc-170">
         <name>.data.gpioPinConfigs</name>
         <load_address>0x2000ee50</load_address>
         <run_address>0x2000ee50</run_address>
         <size>0x84</size>
         <input_file_ref idref="fl-2"/>
      </object_component>
      <object_component id="oc-15b">
         <name>.data.parkInfo</name>
         <load_address>0x2000ed58</load_address>
         <run_address>0x2000ed58</run_address>
         <size>0xf8</size>
         <input_file_ref idref="fl-2"/>
      </object_component>
      <object_component id="oc-121">
         <name>.data.initCalled</name>
         <load_address>0x2000ef5c</load_address>
         <run_address>0x2000ef5c</run_address>
         <size>0x1</size>
         <input_file_ref idref="fl-15"/>
      </object_component>
      <object_component id="oc-13c">
         <name>.data.portHwiCreatedBitMask</name>
         <load_address>0x2000ef5d</load_address>
         <run_address>0x2000ef5d</run_address>
         <size>0x1</size>
         <input_file_ref idref="fl-15"/>
      </object_component>
      <object_component id="oc-120">
         <name>.data..L_MergedGlobals</name>
         <load_address>0x2000ef20</load_address>
         <run_address>0x2000ef20</run_address>
         <size>0x18</size>
         <input_file_ref idref="fl-15"/>
      </object_component>
      <object_component id="oc-110">
         <name>.data.PowerCC32XX_module</name>
         <load_address>0x2000ebec</load_address>
         <run_address>0x2000ebec</run_address>
         <size>0x16c</size>
         <input_file_ref idref="fl-16"/>
      </object_component>
      <object_component id="oc-15d">
         <name>.data..L_MergedGlobals</name>
         <load_address>0x2000ef38</load_address>
         <run_address>0x2000ef38</run_address>
         <size>0x10</size>
         <input_file_ref idref="fl-1a"/>
      </object_component>
      <object_component id="oc-19f">
         <name>.data..L_MergedGlobals</name>
         <load_address>0x2000ef48</load_address>
         <run_address>0x2000ef48</run_address>
         <size>0x8</size>
         <input_file_ref idref="fl-1b"/>
      </object_component>
      <object_component id="oc-1ab">
         <name>.data.HwiP_swiPIntNum</name>
         <load_address>0x2000ef50</load_address>
         <run_address>0x2000ef50</run_address>
         <size>0x4</size>
         <input_file_ref idref="fl-1c"/>
      </object_component>
      <object_component id="oc-1ac">
         <name>.data.HwiP_dispatchTable</name>
         <load_address>0x2000e8e0</load_address>
         <run_address>0x2000e8e0</run_address>
         <size>0x30c</size>
         <input_file_ref idref="fl-1c"/>
      </object_component>
      <object_component id="oc-1af">
         <name>.data..L_MergedGlobals</name>
         <load_address>0x2000eed4</load_address>
         <run_address>0x2000eed4</run_address>
         <size>0x4c</size>
         <input_file_ref idref="fl-1f"/>
      </object_component>
      <object_component id="oc-1d0">
         <name>.data.memory_is_initialized</name>
         <load_address>0x2000ef60</load_address>
         <run_address>0x2000ef60</run_address>
         <size>0x1</size>
         <input_file_ref idref="fl-36"/>
      </object_component>
      <object_component id="oc-f2">
         <name>.data._lock</name>
         <load_address>0x2000ef54</load_address>
         <run_address>0x2000ef54</run_address>
         <size>0x4</size>
         <input_file_ref idref="fl-3d"/>
      </object_component>
      <object_component id="oc-f5">
         <name>.data._unlock</name>
         <load_address>0x2000ef58</load_address>
         <run_address>0x2000ef58</run_address>
         <size>0x4</size>
         <input_file_ref idref="fl-3d"/>
      </object_component>
      <object_component id="oc-1d3">
         <name>.bss.sysTickPeriod</name>
         <uninitialized>true</uninitialized>
         <run_address>0x2000f4e4</run_address>
         <size>0x4</size>
         <input_file_ref idref="fl-1b"/>
      </object_component>
      <object_component id="oc-1ce">
         <name>.bss.sys_free</name>
         <uninitialized>true</uninitialized>
         <run_address>0x2000f4f8</run_address>
         <size>0x4</size>
         <input_file_ref idref="fl-36"/>
      </object_component>
      <object_component id="oc-171">
         <name>.common:gpioCallbackFunctions</name>
         <uninitialized>true</uninitialized>
         <run_address>0x2000f3dc</run_address>
         <size>0x84</size>
      </object_component>
      <object_component id="oc-172">
         <name>.common:gpioUserArgs</name>
         <uninitialized>true</uninitialized>
         <run_address>0x2000f460</run_address>
         <size>0x84</size>
      </object_component>
      <object_component id="oc-1c9">
         <name>.common:PowerCC32XX_contextSave</name>
         <uninitialized>true</uninitialized>
         <run_address>0x2000f2b0</run_address>
         <size>0x12c</size>
      </object_component>
      <object_component id="oc-74">
         <name>.common:ClockP_ctrl</name>
         <uninitialized>true</uninitialized>
         <run_address>0x2000f4e8</run_address>
         <size>0x10</size>
      </object_component>
      <object_component id="oc-28">
         <name>.sysmem</name>
         <uninitialized>true</uninitialized>
         <run_address>0x20004040</run_address>
         <size>0x10</size>
         <input_file_ref idref="fl-36"/>
      </object_component>
      <object_component id="oc-226">
         <name>.sysmem</name>
         <uninitialized>true</uninitialized>
         <run_address>0x20004040</run_address>
         <size>0x0</size>
      </object_component>
      <object_component id="oc-16">
         <name>.stack</name>
         <uninitialized>true</uninitialized>
         <run_address>0x20003000</run_address>
         <size>0x4</size>
         <input_file_ref idref="fl-3a"/>
      </object_component>
      <object_component id="oc-225">
         <name>.stack</name>
         <uninitialized>true</uninitialized>
         <run_address>0x20003000</run_address>
         <size>0x0</size>
      </object_component>
      <object_component id="oc-26">
         <name>.resetVecs</name>
         <load_address>0x20004000</load_address>
         <run_address>0x20004000</run_address>
         <size>0x40</size>
         <input_file_ref idref="fl-1e"/>
      </object_component>
      <object_component id="oc-27">
         <name>.ramVecs</name>
         <uninitialized>true</uninitialized>
         <run_address>0x20000000</run_address>
         <size>0x30c</size>
         <input_file_ref idref="fl-1e"/>
      </object_component>
      <object_component id="oc-a7">
         <name>.debug_loc</name>
         <load_address>0x0</load_address>
         <run_address>0x0</run_address>
         <size>0x28</size>
         <input_file_ref idref="fl-1"/>
      </object_component>
      <object_component id="oc-db">
         <name>.debug_loc</name>
         <load_address>0x28</load_address>
         <run_address>0x28</run_address>
         <size>0x28</size>
         <input_file_ref idref="fl-2"/>
      </object_component>
      <object_component id="oc-133">
         <name>.debug_loc</name>
         <load_address>0x50</load_address>
         <run_address>0x50</run_address>
         <size>0x50</size>
         <input_file_ref idref="fl-14"/>
      </object_component>
      <object_component id="oc-d7">
         <name>.debug_loc</name>
         <load_address>0xa0</load_address>
         <run_address>0xa0</run_address>
         <size>0x68e</size>
         <input_file_ref idref="fl-15"/>
      </object_component>
      <object_component id="oc-10f">
         <name>.debug_loc</name>
         <load_address>0x72e</load_address>
         <run_address>0x72e</run_address>
         <size>0xc99</size>
         <input_file_ref idref="fl-16"/>
      </object_component>
      <object_component id="oc-169">
         <name>.debug_loc</name>
         <load_address>0x13c7</load_address>
         <run_address>0x13c7</run_address>
         <size>0x2ee</size>
         <input_file_ref idref="fl-18"/>
      </object_component>
      <object_component id="oc-e3">
         <name>.debug_loc</name>
         <load_address>0x16b5</load_address>
         <run_address>0x16b5</run_address>
         <size>0x33</size>
         <input_file_ref idref="fl-19"/>
      </object_component>
      <object_component id="oc-116">
         <name>.debug_loc</name>
         <load_address>0x16e8</load_address>
         <run_address>0x16e8</run_address>
         <size>0x326</size>
         <input_file_ref idref="fl-1a"/>
      </object_component>
      <object_component id="oc-54">
         <name>.debug_loc</name>
         <load_address>0x1a0e</load_address>
         <run_address>0x1a0e</run_address>
         <size>0x626</size>
         <input_file_ref idref="fl-1b"/>
      </object_component>
      <object_component id="oc-12a">
         <name>.debug_loc</name>
         <load_address>0x2034</load_address>
         <run_address>0x2034</run_address>
         <size>0x389</size>
         <input_file_ref idref="fl-1c"/>
      </object_component>
      <object_component id="oc-15a">
         <name>.debug_loc</name>
         <load_address>0x23bd</load_address>
         <run_address>0x23bd</run_address>
         <size>0x321</size>
         <input_file_ref idref="fl-1d"/>
      </object_component>
      <object_component id="oc-47">
         <name>.debug_loc</name>
         <load_address>0x26de</load_address>
         <run_address>0x26de</run_address>
         <size>0x1b</size>
         <input_file_ref idref="fl-1e"/>
      </object_component>
      <object_component id="oc-185">
         <name>.debug_loc</name>
         <load_address>0x26f9</load_address>
         <run_address>0x26f9</run_address>
         <size>0x67b</size>
         <input_file_ref idref="fl-1f"/>
      </object_component>
      <object_component id="oc-59">
         <name>.debug_loc</name>
         <load_address>0x2d74</load_address>
         <run_address>0x2d74</run_address>
         <size>0x7aa</size>
         <input_file_ref idref="fl-36"/>
      </object_component>
      <object_component id="oc-3c">
         <name>.debug_loc</name>
         <load_address>0x351e</load_address>
         <run_address>0x351e</run_address>
         <size>0x146</size>
         <input_file_ref idref="fl-37"/>
      </object_component>
      <object_component id="oc-39">
         <name>.debug_loc</name>
         <load_address>0x3664</load_address>
         <run_address>0x3664</run_address>
         <size>0x6f</size>
         <input_file_ref idref="fl-38"/>
      </object_component>
      <object_component id="oc-31">
         <name>.debug_loc</name>
         <load_address>0x36d3</load_address>
         <run_address>0x36d3</run_address>
         <size>0x11c</size>
         <input_file_ref idref="fl-39"/>
      </object_component>
      <object_component id="oc-2e">
         <name>.debug_loc</name>
         <load_address>0x37ef</load_address>
         <run_address>0x37ef</run_address>
         <size>0xd8</size>
         <input_file_ref idref="fl-3a"/>
      </object_component>
      <object_component id="oc-b4">
         <name>.debug_loc</name>
         <load_address>0x38c7</load_address>
         <run_address>0x38c7</run_address>
         <size>0x26</size>
         <input_file_ref idref="fl-3c"/>
      </object_component>
      <object_component id="oc-b8">
         <name>.debug_loc</name>
         <load_address>0x38ed</load_address>
         <run_address>0x38ed</run_address>
         <size>0x48b</size>
         <input_file_ref idref="fl-3f"/>
      </object_component>
      <object_component id="oc-1d5">
         <name>.debug_loc</name>
         <load_address>0x3d78</load_address>
         <run_address>0x3d78</run_address>
         <size>0x20</size>
         <input_file_ref idref="fl-7e"/>
      </object_component>
      <object_component id="oc-ee">
         <name>.debug_abbrev</name>
         <load_address>0x0</load_address>
         <run_address>0x0</run_address>
         <size>0x9c</size>
         <input_file_ref idref="fl-1"/>
      </object_component>
      <object_component id="oc-d9">
         <name>.debug_abbrev</name>
         <load_address>0x9c</load_address>
         <run_address>0x9c</run_address>
         <size>0x1d2</size>
         <input_file_ref idref="fl-2"/>
      </object_component>
      <object_component id="oc-ac">
         <name>.debug_abbrev</name>
         <load_address>0x26e</load_address>
         <run_address>0x26e</run_address>
         <size>0x4c</size>
         <input_file_ref idref="fl-3"/>
      </object_component>
      <object_component id="oc-131">
         <name>.debug_abbrev</name>
         <load_address>0x2ba</load_address>
         <run_address>0x2ba</run_address>
         <size>0xa3</size>
         <input_file_ref idref="fl-14"/>
      </object_component>
      <object_component id="oc-125">
         <name>.debug_abbrev</name>
         <load_address>0x35d</load_address>
         <run_address>0x35d</run_address>
         <size>0x1db</size>
         <input_file_ref idref="fl-15"/>
      </object_component>
      <object_component id="oc-112">
         <name>.debug_abbrev</name>
         <load_address>0x538</load_address>
         <run_address>0x538</run_address>
         <size>0x306</size>
         <input_file_ref idref="fl-16"/>
      </object_component>
      <object_component id="oc-1df">
         <name>.debug_abbrev</name>
         <load_address>0x83e</load_address>
         <run_address>0x83e</run_address>
         <size>0x21</size>
         <input_file_ref idref="fl-17"/>
      </object_component>
      <object_component id="oc-1a5">
         <name>.debug_abbrev</name>
         <load_address>0x85f</load_address>
         <run_address>0x85f</run_address>
         <size>0xbd</size>
         <input_file_ref idref="fl-18"/>
      </object_component>
      <object_component id="oc-e1">
         <name>.debug_abbrev</name>
         <load_address>0x91c</load_address>
         <run_address>0x91c</run_address>
         <size>0x9a</size>
         <input_file_ref idref="fl-19"/>
      </object_component>
      <object_component id="oc-15e">
         <name>.debug_abbrev</name>
         <load_address>0x9b6</load_address>
         <run_address>0x9b6</run_address>
         <size>0x215</size>
         <input_file_ref idref="fl-1a"/>
      </object_component>
      <object_component id="oc-75">
         <name>.debug_abbrev</name>
         <load_address>0xbcb</load_address>
         <run_address>0xbcb</run_address>
         <size>0x23e</size>
         <input_file_ref idref="fl-1b"/>
      </object_component>
      <object_component id="oc-128">
         <name>.debug_abbrev</name>
         <load_address>0xe09</load_address>
         <run_address>0xe09</run_address>
         <size>0x24c</size>
         <input_file_ref idref="fl-1c"/>
      </object_component>
      <object_component id="oc-17f">
         <name>.debug_abbrev</name>
         <load_address>0x1055</load_address>
         <run_address>0x1055</run_address>
         <size>0x10e</size>
         <input_file_ref idref="fl-1d"/>
      </object_component>
      <object_component id="oc-49">
         <name>.debug_abbrev</name>
         <load_address>0x1163</load_address>
         <run_address>0x1163</run_address>
         <size>0xbb</size>
         <input_file_ref idref="fl-1e"/>
      </object_component>
      <object_component id="oc-1b0">
         <name>.debug_abbrev</name>
         <load_address>0x121e</load_address>
         <run_address>0x121e</run_address>
         <size>0x230</size>
         <input_file_ref idref="fl-1f"/>
      </object_component>
      <object_component id="oc-7f">
         <name>.debug_abbrev</name>
         <load_address>0x144e</load_address>
         <run_address>0x144e</run_address>
         <size>0x86</size>
         <input_file_ref idref="fl-20"/>
      </object_component>
      <object_component id="oc-175">
         <name>.debug_abbrev</name>
         <load_address>0x14d4</load_address>
         <run_address>0x14d4</run_address>
         <size>0xea</size>
         <input_file_ref idref="fl-21"/>
      </object_component>
      <object_component id="oc-67">
         <name>.debug_abbrev</name>
         <load_address>0x15be</load_address>
         <run_address>0x15be</run_address>
         <size>0x121</size>
         <input_file_ref idref="fl-23"/>
      </object_component>
      <object_component id="oc-14c">
         <name>.debug_abbrev</name>
         <load_address>0x16df</load_address>
         <run_address>0x16df</run_address>
         <size>0x114</size>
         <input_file_ref idref="fl-24"/>
      </object_component>
      <object_component id="oc-10c">
         <name>.debug_abbrev</name>
         <load_address>0x17f3</load_address>
         <run_address>0x17f3</run_address>
         <size>0x168</size>
         <input_file_ref idref="fl-25"/>
      </object_component>
      <object_component id="oc-1b9">
         <name>.debug_abbrev</name>
         <load_address>0x195b</load_address>
         <run_address>0x195b</run_address>
         <size>0x9b</size>
         <input_file_ref idref="fl-27"/>
      </object_component>
      <object_component id="oc-148">
         <name>.debug_abbrev</name>
         <load_address>0x19f6</load_address>
         <run_address>0x19f6</run_address>
         <size>0x29</size>
         <input_file_ref idref="fl-29"/>
      </object_component>
      <object_component id="oc-1e8">
         <name>.debug_abbrev</name>
         <load_address>0x1a1f</load_address>
         <run_address>0x1a1f</run_address>
         <size>0x14e</size>
         <input_file_ref idref="fl-2a"/>
      </object_component>
      <object_component id="oc-55">
         <name>.debug_abbrev</name>
         <load_address>0x1b6d</load_address>
         <run_address>0x1b6d</run_address>
         <size>0x22f</size>
         <input_file_ref idref="fl-36"/>
      </object_component>
      <object_component id="oc-5c">
         <name>.debug_abbrev</name>
         <load_address>0x1d9c</load_address>
         <run_address>0x1d9c</run_address>
         <size>0xcb</size>
         <input_file_ref idref="fl-37"/>
      </object_component>
      <object_component id="oc-37">
         <name>.debug_abbrev</name>
         <load_address>0x1e67</load_address>
         <run_address>0x1e67</run_address>
         <size>0x70</size>
         <input_file_ref idref="fl-38"/>
      </object_component>
      <object_component id="oc-2f">
         <name>.debug_abbrev</name>
         <load_address>0x1ed7</load_address>
         <run_address>0x1ed7</run_address>
         <size>0x9c</size>
         <input_file_ref idref="fl-39"/>
      </object_component>
      <object_component id="oc-2a">
         <name>.debug_abbrev</name>
         <load_address>0x1f73</load_address>
         <run_address>0x1f73</run_address>
         <size>0xaf</size>
         <input_file_ref idref="fl-3a"/>
      </object_component>
      <object_component id="oc-f0">
         <name>.debug_abbrev</name>
         <load_address>0x2022</load_address>
         <run_address>0x2022</run_address>
         <size>0xb3</size>
         <input_file_ref idref="fl-3c"/>
      </object_component>
      <object_component id="oc-143">
         <name>.debug_abbrev</name>
         <load_address>0x20d5</load_address>
         <run_address>0x20d5</run_address>
         <size>0x73</size>
         <input_file_ref idref="fl-3d"/>
      </object_component>
      <object_component id="oc-f6">
         <name>.debug_abbrev</name>
         <load_address>0x2148</load_address>
         <run_address>0x2148</run_address>
         <size>0x186</size>
         <input_file_ref idref="fl-3f"/>
      </object_component>
      <object_component id="oc-9a">
         <name>.debug_abbrev</name>
         <load_address>0x22ce</load_address>
         <run_address>0x22ce</run_address>
         <size>0x39</size>
         <input_file_ref idref="fl-40"/>
      </object_component>
      <object_component id="oc-5b">
         <name>.debug_abbrev</name>
         <load_address>0x2307</load_address>
         <run_address>0x2307</run_address>
         <size>0x27</size>
         <input_file_ref idref="fl-7a"/>
      </object_component>
      <object_component id="oc-1b8">
         <name>.debug_abbrev</name>
         <load_address>0x232e</load_address>
         <run_address>0x232e</run_address>
         <size>0x27</size>
         <input_file_ref idref="fl-7c"/>
      </object_component>
      <object_component id="oc-1da">
         <name>.debug_abbrev</name>
         <load_address>0x2355</load_address>
         <run_address>0x2355</run_address>
         <size>0x27</size>
         <input_file_ref idref="fl-7d"/>
      </object_component>
      <object_component id="oc-1e6">
         <name>.debug_abbrev</name>
         <load_address>0x237c</load_address>
         <run_address>0x237c</run_address>
         <size>0x59</size>
         <input_file_ref idref="fl-7e"/>
      </object_component>
      <object_component id="oc-93">
         <name>.debug_abbrev</name>
         <load_address>0x23d5</load_address>
         <run_address>0x23d5</run_address>
         <size>0x25</size>
         <input_file_ref idref="fl-7f"/>
      </object_component>
      <object_component id="oc-228">
         <name>.debug_abbrev</name>
         <load_address>0x23fa</load_address>
         <run_address>0x23fa</run_address>
         <size>0xf</size>
      </object_component>
      <object_component id="oc-a8">
         <name>.debug_info</name>
         <load_address>0x0</load_address>
         <run_address>0x0</run_address>
         <size>0x113</size>
         <input_file_ref idref="fl-1"/>
      </object_component>
      <object_component id="oc-a0">
         <name>.debug_info</name>
         <load_address>0x113</load_address>
         <run_address>0x113</run_address>
         <size>0x124b</size>
         <input_file_ref idref="fl-2"/>
      </object_component>
      <object_component id="oc-88">
         <name>.debug_info</name>
         <load_address>0x135e</load_address>
         <run_address>0x135e</run_address>
         <size>0x66</size>
         <input_file_ref idref="fl-3"/>
      </object_component>
      <object_component id="oc-e9">
         <name>.debug_info</name>
         <load_address>0x13c4</load_address>
         <run_address>0x13c4</run_address>
         <size>0x117</size>
         <input_file_ref idref="fl-14"/>
      </object_component>
      <object_component id="oc-d5">
         <name>.debug_info</name>
         <load_address>0x14db</load_address>
         <run_address>0x14db</run_address>
         <size>0x9ce</size>
         <input_file_ref idref="fl-15"/>
      </object_component>
      <object_component id="oc-cf">
         <name>.debug_info</name>
         <load_address>0x1ea9</load_address>
         <run_address>0x1ea9</run_address>
         <size>0x13be</size>
         <input_file_ref idref="fl-16"/>
      </object_component>
      <object_component id="oc-1c4">
         <name>.debug_info</name>
         <load_address>0x3267</load_address>
         <run_address>0x3267</run_address>
         <size>0x26f</size>
         <input_file_ref idref="fl-17"/>
      </object_component>
      <object_component id="oc-16a">
         <name>.debug_info</name>
         <load_address>0x34d6</load_address>
         <run_address>0x34d6</run_address>
         <size>0x2bb</size>
         <input_file_ref idref="fl-18"/>
      </object_component>
      <object_component id="oc-a3">
         <name>.debug_info</name>
         <load_address>0x3791</load_address>
         <run_address>0x3791</run_address>
         <size>0xfe</size>
         <input_file_ref idref="fl-19"/>
      </object_component>
      <object_component id="oc-117">
         <name>.debug_info</name>
         <load_address>0x388f</load_address>
         <run_address>0x388f</run_address>
         <size>0x5ff</size>
[...]
         <value>0x2000de5f</value>
         <object_component_ref idref="oc-167"/>
      </symbol>
      <symbol id="sm-117">
         <name>SemaphoreP_construct</name>
         <value>0x2000dbcd</value>
         <object_component_ref idref="oc-1a0"/>
      </symbol>
      <symbol id="sm-118">
         <name>SemaphoreP_create</name>
         <value>0x2000e683</value>
         <object_component_ref idref="oc-15c"/>
      </symbol>
      <symbol id="sm-119">
         <name>SemaphoreP_createBinary</name>
         <value>0x2000e525</value>
         <object_component_ref idref="oc-114"/>
      </symbol>
      <symbol id="sm-11a">
         <name>SemaphoreP_delete</name>
         <value>0x2000e8cd</value>
         <object_component_ref idref="oc-11c"/>
      </symbol>
      <symbol id="sm-11b">
         <name>SemaphoreP_pend</name>
         <value>0x2000d0f1</value>
         <object_component_ref idref="oc-11d"/>
      </symbol>
      <symbol id="sm-11c">
         <name>SemaphoreP_post</name>
         <value>0x2000dfb1</value>
         <object_component_ref idref="oc-11f"/>
      </symbol>
      <symbol id="sm-11d">
         <name>SemaphoreP_defaultParams</name>
         <value>0x2000ef40</value>
         <object_component_ref idref="oc-15d"/>
      </symbol>
      <symbol id="sm-14e">
         <name>ClockP_sysTickHandler</name>
         <value>0x2000dcb5</value>
         <object_component_ref idref="oc-4f"/>
      </symbol>
      <symbol id="sm-14f">
         <name>ClockP_ctrl</name>
         <value>0x2000f4e8</value>
      </symbol>
      <symbol id="sm-150">
         <name>ClockP_add</name>
         <value>0x2000e755</value>
         <object_component_ref idref="oc-162"/>
      </symbol>
      <symbol id="sm-151">
         <name>ClockP_startup</name>
         <value>0x2000d929</value>
         <object_component_ref idref="oc-1b2"/>
      </symbol>
      <symbol id="sm-152">
         <name>ClockP_start</name>
         <value>0x2000e14d</value>
         <object_component_ref idref="oc-163"/>
      </symbol>
      <symbol id="sm-153">
         <name>ClockP_stop</name>
         <value>0x2000e031</value>
         <object_component_ref idref="oc-1a4"/>
      </symbol>
      <symbol id="sm-154">
         <name>ClockP_destruct</name>
         <value>0x2000e06d</value>
         <object_component_ref idref="oc-166"/>
      </symbol>
      <symbol id="sm-155">
         <name>ClockP_doTick</name>
         <value>0x2000e8bd</value>
         <object_component_ref idref="oc-19e"/>
      </symbol>
      <symbol id="sm-156">
         <name>ClockP_getCpuFreq</name>
         <value>0x2000e7e5</value>
         <object_component_ref idref="oc-181"/>
      </symbol>
      <symbol id="sm-157">
         <name>ClockP_getSystemTicks</name>
         <value>0x2000e7f5</value>
         <object_component_ref idref="oc-18b"/>
      </symbol>
      <symbol id="sm-158">
         <name>ClockP_getTicksUntilInterrupt</name>
         <value>0x2000e251</value>
         <object_component_ref idref="oc-189"/>
      </symbol>
      <symbol id="sm-159">
         <name>ClockP_isActive</name>
         <value>0x2000e879</value>
         <object_component_ref idref="oc-164"/>
      </symbol>
      <symbol id="sm-15a">
         <name>ClockP_setTicks</name>
         <value>0x2000e805</value>
         <object_component_ref idref="oc-198"/>
      </symbol>
      <symbol id="sm-15b">
         <name>ClockP_tickPeriod</name>
         <value>0x2000ef4c</value>
         <object_component_ref idref="oc-19f"/>
      </symbol>
      <symbol id="sm-17a">
         <name>HwiP_enable</name>
         <value>0x2000e8c1</value>
         <object_component_ref idref="oc-dc"/>
      </symbol>
      <symbol id="sm-17b">
         <name>HwiP_disable</name>
         <value>0x2000d189</value>
         <object_component_ref idref="oc-11a"/>
      </symbol>
      <symbol id="sm-17c">
         <name>HwiP_restore</name>
         <value>0x2000e897</value>
         <object_component_ref idref="oc-11b"/>
      </symbol>
      <symbol id="sm-17d">
         <name>HwiP_dispatch</name>
         <value>0x2000e561</value>
         <object_component_ref idref="oc-1ad"/>
      </symbol>
      <symbol id="sm-17e">
         <name>HwiP_construct</name>
         <value>0x2000d449</value>
         <object_component_ref idref="oc-179"/>
      </symbol>
      <symbol id="sm-17f">
         <name>HwiP_swiPIntNum</name>
         <value>0x2000ef50</value>
         <object_component_ref idref="oc-1ab"/>
      </symbol>
      <symbol id="sm-180">
         <name>HwiP_Params_init</name>
         <value>0x2000e779</value>
         <object_component_ref idref="oc-137"/>
      </symbol>
      <symbol id="sm-181">
         <name>HwiP_create</name>
         <value>0x2000e33f</value>
         <object_component_ref idref="oc-138"/>
      </symbol>
      <symbol id="sm-182">
         <name>HwiP_post</name>
         <value>0x2000e8c5</value>
         <object_component_ref idref="oc-1cd"/>
      </symbol>
      <symbol id="sm-183">
         <name>HwiP_inISR</name>
         <value>0x2000e815</value>
         <object_component_ref idref="oc-16e"/>
      </symbol>
      <symbol id="sm-193">
         <name>PowerCC32XX_initPolicy</name>
         <value>0x2000d227</value>
         <object_component_ref idref="oc-154"/>
      </symbol>
      <symbol id="sm-194">
         <name>PowerCC32XX_sleepPolicy</name>
         <value>0x2000c8dd</value>
         <object_component_ref idref="oc-159"/>
      </symbol>
      <symbol id="sm-1b1">
         <name>resetISR</name>
         <value>0x2000e5b5</value>
         <object_component_ref idref="oc-21"/>
      </symbol>
      <symbol id="sm-1b2">
         <name>initVectors</name>
         <value>0x2000e21d</value>
         <object_component_ref idref="oc-46"/>
      </symbol>
      <symbol id="sm-1c7">
         <name>SwiP_disable</name>
         <value>0x2000e57d</value>
         <object_component_ref idref="oc-182"/>
      </symbol>
      <symbol id="sm-1c8">
         <name>SwiP_restore</name>
         <value>0x2000e0a5</value>
         <object_component_ref idref="oc-19d"/>
      </symbol>
      <symbol id="sm-1df">
         <name>CPUcpsid</name>
         <value>0x2000e6c7</value>
         <object_component_ref idref="oc-62"/>
      </symbol>
      <symbol id="sm-1e0">
         <name>CPUcpsie</name>
         <value>0x2000e6db</value>
         <object_component_ref idref="oc-174"/>
      </symbol>
      <symbol id="sm-1e1">
         <name>CPUwfi</name>
         <value>0x2000e853</value>
         <object_component_ref idref="oc-1cc"/>
      </symbol>
      <symbol id="sm-21c">
         <name>GPIODirModeSet</name>
         <value>0x2000de1b</value>
         <object_component_ref idref="oc-139"/>
      </symbol>
      <symbol id="sm-21d">
         <name>GPIOIntClear</name>
         <value>0x2000e767</value>
         <object_component_ref idref="oc-17c"/>
      </symbol>
      <symbol id="sm-21e">
         <name>GPIOIntDisable</name>
         <value>0x2000e5d1</value>
         <object_component_ref idref="oc-1ae"/>
      </symbol>
      <symbol id="sm-21f">
         <name>GPIOIntEnable</name>
         <value>0x2000e653</value>
         <object_component_ref idref="oc-134"/>
      </symbol>
      <symbol id="sm-220">
         <name>GPIOIntStatus</name>
         <value>0x2000e311</value>
         <object_component_ref idref="oc-17d"/>
      </symbol>
      <symbol id="sm-221">
         <name>GPIOIntTypeSet</name>
         <value>0x2000cefd</value>
         <object_component_ref idref="oc-17a"/>
      </symbol>
      <symbol id="sm-222">
         <name>GPIOPinRead</name>
         <value>0x2000e66b</value>
         <object_component_ref idref="oc-17e"/>
      </symbol>
      <symbol id="sm-223">
         <name>GPIOPinWrite</name>
         <value>0x2000e4c1</value>
         <object_component_ref idref="oc-12b"/>
      </symbol>
      <symbol id="sm-266">
         <name>IntEnable</name>
         <value>0x2000cd85</value>
         <object_component_ref idref="oc-1aa"/>
      </symbol>
      <symbol id="sm-267">
         <name>IntMasterDisable</name>
         <value>0x2000e883</value>
         <object_component_ref idref="oc-41"/>
      </symbol>
      <symbol id="sm-268">
         <name>IntMasterEnable</name>
         <value>0x2000e88d</value>
         <object_component_ref idref="oc-127"/>
      </symbol>
      <symbol id="sm-269">
         <name>IntPendSet</name>
         <value>0x2000cfa9</value>
         <object_component_ref idref="oc-1e5"/>
      </symbol>
      <symbol id="sm-26a">
         <name>IntPrioritySet</name>
         <value>0x2000d981</value>
         <object_component_ref idref="oc-1a9"/>
      </symbol>
      <symbol id="sm-26b">
         <name>IntRegister</name>
         <value>0x2000e505</value>
         <object_component_ref idref="oc-1a8"/>
      </symbol>
      <symbol id="sm-26c">
         <name>IntVTableBaseSet</name>
         <value>0x2000e6ef</value>
         <object_component_ref idref="oc-69"/>
      </symbol>
      <symbol id="sm-2b2">
         <name>PinConfigGet</name>
         <value>0x2000dd8d</value>
         <object_component_ref idref="oc-1db"/>
      </symbol>
      <symbol id="sm-2b3">
         <name>PinConfigSet</name>
         <value>0x2000d04d</value>
         <object_component_ref idref="oc-135"/>
      </symbol>
      <symbol id="sm-2b4">
         <name>PinDirModeGet</name>
         <value>0x2000e181</value>
         <object_component_ref idref="oc-1dc"/>
      </symbol>
      <symbol id="sm-2b5">
         <name>PinDirModeSet</name>
         <value>0x2000dff1</value>
         <object_component_ref idref="oc-1dd"/>
      </symbol>
      <symbol id="sm-2b6">
         <name>PinLock</name>
         <value>0x2000e115</value>
         <object_component_ref idref="oc-1c0"/>
      </symbol>
      <symbol id="sm-2b7">
         <name>PinLockLevelSet</name>
         <value>0x2000d531</value>
         <object_component_ref idref="oc-1be"/>
      </symbol>
      <symbol id="sm-2b8">
         <name>PinModeGet</name>
         <value>0x2000e1b5</value>
         <object_component_ref idref="oc-106"/>
      </symbol>
      <symbol id="sm-2b9">
         <name>PinModeSet</name>
         <value>0x2000df2d</value>
         <object_component_ref idref="oc-10b"/>
      </symbol>
      <symbol id="sm-2ba">
         <name>PinToPadGet</name>
         <value>0x2000e639</value>
         <object_component_ref idref="oc-1bf"/>
      </symbol>
      <symbol id="sm-2bb">
         <name>PinUnlock</name>
         <value>0x2000e4e3</value>
         <object_component_ref idref="oc-1c6"/>
      </symbol>
      <symbol id="sm-36d">
         <name>PRCMCC3200MCUInit</name>
         <value>0x2000c041</value>
         <object_component_ref idref="oc-c8"/>
      </symbol>
      <symbol id="sm-36e">
         <name>PRCMHIBRegRead</name>
         <value>0x2000e5eb</value>
         <object_component_ref idref="oc-102"/>
      </symbol>
      <symbol id="sm-36f">
         <name>PRCMHIBRegWrite</name>
         <value>0x2000e605</value>
         <object_component_ref idref="oc-101"/>
      </symbol>
      <symbol id="sm-370">
         <name>PRCMHibernateWakeUpGPIOSelect</name>
         <value>0x2000d4bd</value>
         <object_component_ref idref="oc-151"/>
      </symbol>
      <symbol id="sm-371">
         <name>PRCMHibernateWakeupSourceDisable</name>
         <value>0x2000d871</value>
         <object_component_ref idref="oc-153"/>
      </symbol>
      <symbol id="sm-372">
         <name>PRCMHibernateWakeupSourceEnable</name>
         <value>0x2000db7d</value>
         <object_component_ref idref="oc-152"/>
      </symbol>
      <symbol id="sm-373">
         <name>PRCMIntEnable</name>
         <value>0x2000dcfd</value>
         <object_component_ref idref="oc-1c5"/>
      </symbol>
      <symbol id="sm-374">
         <name>PRCMLPDSEnter</name>
         <value>0x2000d9d9</value>
         <object_component_ref idref="oc-1cb"/>
      </symbol>
      <symbol id="sm-375">
         <name>PRCMLPDSEnterKeepDebugIf</name>
         <value>0x2000ddd5</value>
         <object_component_ref idref="oc-1ca"/>
      </symbol>
      <symbol id="sm-376">
         <name>PRCMLPDSIntervalSet</name>
         <value>0x2000e281</value>
         <object_component_ref idref="oc-196"/>
      </symbol>
      <symbol id="sm-377">
         <name>PRCMLPDSRestoreInfoSet</name>
         <value>0x2000dc69</value>
         <object_component_ref idref="oc-1de"/>
      </symbol>
      <symbol id="sm-378">
         <name>PRCMLPDSWakeUpGPIOSelect</name>
         <value>0x2000e369</value>
         <object_component_ref idref="oc-150"/>
      </symbol>
      <symbol id="sm-379">
         <name>PRCMLPDSWakeupCauseGet</name>
         <value>0x2000e85f</value>
         <object_component_ref idref="oc-1c8"/>
      </symbol>
      <symbol id="sm-37a">
         <name>PRCMLPDSWakeupSourceDisable</name>
         <value>0x2000e61f</value>
         <object_component_ref idref="oc-14f"/>
      </symbol>
      <symbol id="sm-37b">
         <name>PRCMLPDSWakeupSourceEnable</name>
         <value>0x2000e431</value>
         <object_component_ref idref="oc-14e"/>
      </symbol>
      <symbol id="sm-37c">
         <name>PRCMPeripheralClkDisable</name>
         <value>0x2000e393</value>
         <object_component_ref idref="oc-105"/>
      </symbol>
      <symbol id="sm-37d">
         <name>PRCMPeripheralClkEnable</name>
         <value>0x2000d8cd</value>
         <object_component_ref idref="oc-103"/>
      </symbol>
      <symbol id="sm-37e">
         <name>PRCMPeripheralReset</name>
         <value>0x2000d6e1</value>
         <object_component_ref idref="oc-104"/>
      </symbol>
      <symbol id="sm-37f">
         <name>PRCMPeripheralStatusGet</name>
         <value>0x2000dd45</value>
         <object_component_ref idref="oc-177"/>
      </symbol>
      <symbol id="sm-380">
         <name>PRCMSRAMRetentionEnable</name>
         <value>0x2000e3bd</value>
         <object_component_ref idref="oc-1bc"/>
      </symbol>
      <symbol id="sm-381">
         <name>PRCMSleepEnter</name>
         <value>0x2000e89f</value>
         <object_component_ref idref="oc-19c"/>
      </symbol>
      <symbol id="sm-382">
         <name>PRCMSlowClkCtrFastGet</name>
         <value>0x2000e2b1</value>
         <object_component_ref idref="oc-1b3"/>
      </symbol>
      <symbol id="sm-383">
         <name>PRCMSysResetCauseGet</name>
         <value>0x2000d2b9</value>
         <object_component_ref idref="oc-fc"/>
      </symbol>
      <symbol id="sm-3a1">
         <name>SysTickEnable</name>
         <value>0x2000e78b</value>
         <object_component_ref idref="oc-19a"/>
      </symbol>
      <symbol id="sm-3a2">
         <name>SysTickIntDisable</name>
         <value>0x2000e79d</value>
         <object_component_ref idref="oc-191"/>
      </symbol>
      <symbol id="sm-3a3">
         <name>SysTickIntEnable</name>
         <value>0x2000e7af</value>
         <object_component_ref idref="oc-19b"/>
      </symbol>
      <symbol id="sm-3a4">
         <name>SysTickPeriodSet</name>
         <value>0x2000e6b1</value>
         <object_component_ref idref="oc-199"/>
      </symbol>
      <symbol id="sm-3b0">
         <name>UtilsDelay</name>
         <value>0x2000e8a7</value>
         <object_component_ref idref="oc-fd"/>
      </symbol>
      <symbol id="sm-3dd">
         <name>FlashDisable</name>
         <value>0x2000d815</value>
         <object_component_ref idref="oc-1e0"/>
      </symbol>
      <symbol id="sm-3fd">
         <name>malloc</name>
         <value>0x2000e8af</value>
         <object_component_ref idref="oc-178"/>
      </symbol>
      <symbol id="sm-3fe">
         <name>aligned_alloc</name>
         <value>0x2000cb6d</value>
         <object_component_ref idref="oc-1a7"/>
      </symbol>
      <symbol id="sm-3ff">
         <name>free</name>
         <value>0x2000cc8d</value>
         <object_component_ref idref="oc-160"/>
      </symbol>
      <symbol id="sm-400">
         <name>_sys_memory</name>
         <value>0x20004040</value>
         <object_component_ref idref="oc-28"/>
      </symbol>
      <symbol id="sm-401">
         <name>memalign</name>
         <value>0x2000cb6d</value>
         <object_component_ref idref="oc-1a7"/>
      </symbol>
      <symbol id="sm-40b">
         <name>__TI_zero_init_nomemset</name>
         <value>0x2000e7d3</value>
         <object_component_ref idref="oc-3a"/>
      </symbol>
      <symbol id="sm-414">
         <name>__TI_decompress_none</name>
         <value>0x2000e845</value>
         <object_component_ref idref="oc-1c"/>
      </symbol>
      <symbol id="sm-41e">
         <name>__TI_decompress_lzss</name>
         <value>0x2000d74b</value>
         <object_component_ref idref="oc-18"/>
      </symbol>
      <symbol id="sm-429">
         <name>_c_int00_noargs</name>
         <value>0x2000e49d</value>
         <object_component_ref idref="oc-6c"/>
      </symbol>
      <symbol id="sm-42a">
         <name>__stack</name>
         <value>0x20003000</value>
         <object_component_ref idref="oc-16"/>
      </symbol>
      <symbol id="sm-435">
         <name>abort</name>
         <value>0x2000e8d5</value>
         <object_component_ref idref="oc-ae"/>
      </symbol>
      <symbol id="sm-436">
         <name>C$$EXIT</name>
         <value>0x2000e8d4</value>
         <object_component_ref idref="oc-ae"/>
      </symbol>
      <symbol id="sm-43f">
         <name>_nop</name>
         <value>0x2000d927</value>
         <object_component_ref idref="oc-13f"/>
      </symbol>
      <symbol id="sm-440">
         <name>_lock</name>
         <value>0x2000ef54</value>
         <object_component_ref idref="oc-f2"/>
      </symbol>
      <symbol id="sm-441">
         <name>_unlock</name>
         <value>0x2000ef58</value>
         <object_component_ref idref="oc-f5"/>
      </symbol>
      <symbol id="sm-44d">
         <name>__TI_auto_init_nobinit_nopinit</name>
         <value>0x2000e0dd</value>
         <object_component_ref idref="oc-b5"/>
      </symbol>
      <symbol id="sm-455">
         <name>_system_pre_init</name>
         <value>0x2000e8d1</value>
         <object_component_ref idref="oc-81"/>
      </symbol>
      <symbol id="sm-45c">
         <name>__aeabi_memcpy</name>
         <value>0x2000e8d9</value>
         <object_component_ref idref="oc-33"/>
      </symbol>
      <symbol id="sm-45d">
         <name>__aeabi_memcpy4</name>
         <value>0x2000e8d9</value>
         <object_component_ref idref="oc-33"/>
      </symbol>
      <symbol id="sm-45e">
         <name>__aeabi_memcpy8</name>
         <value>0x2000e8d9</value>
         <object_component_ref idref="oc-33"/>
      </symbol>
      <symbol id="sm-464">
         <name>__aeabi_uldivmod</name>
         <value>0x2000e741</value>
         <object_component_ref idref="oc-18d"/>
      </symbol>
      <symbol id="sm-46a">
         <name>__udivmoddi4</name>
         <value>0x2000ce4d</value>
         <object_component_ref idref="oc-1b4"/>
      </symbol>
      <symbol id="sm-474">
         <name>__aeabi_ldiv0</name>
         <value>0x2000d347</value>
         <object_component_ref idref="oc-1d4"/>
      </symbol>
      <symbol id="sm-47c">
         <name>TI_memcpy_small</name>
         <value>0x2000e7c1</value>
         <object_component_ref idref="oc-77"/>
      </symbol>
      <symbol id="sm-47d">
         <name>__TI_static_base__</name>
         <value>0x2000f4fc</value>
      </symbol>
      <symbol id="sm-480">
         <name>ITM_flush</name>
         <value>0x0</value>
      </symbol>
      <symbol id="sm-481">
         <name>ITM_restore</name>
         <value>0x0</value>
      </symbol>
      <symbol id="sm-482">
         <name>__mpu_init</name>
         <value>0x0</value>
      </symbol>
      <symbol id="sm-483">
         <name>_system_post_cinit</name>
         <value>0x0</value>
      </symbol>
   </symbol_table>
   <title>Link successful</title>
</link_info>
